........
..AAAA..
...D..CC
...D....
........
..B.....
..B.....
..B.....
..B.....
..B.....
